SPRT game 1: WDL=0-1-0 llr=0.000 bounds=[-2.944,2.944]
SPRT game 2: WDL=0-2-0 llr=0.000 bounds=[-2.944,2.944]
SPRT game 3: WDL=0-3-0 llr=0.000 bounds=[-2.944,2.944]
SPRT game 4: WDL=0-4-0 llr=0.000 bounds=[-2.944,2.944]
SPRT game 5: WDL=0-5-0 llr=0.000 bounds=[-2.944,2.944]
SPRT game 6: WDL=0-6-0 llr=0.000 bounds=[-2.944,2.944]
SPRT game 7: WDL=0-7-0 llr=0.000 bounds=[-2.944,2.944]
SPRT game 8: WDL=0-8-0 llr=0.000 bounds=[-2.944,2.944]
SPRT game 9: WDL=0-9-0 llr=0.000 bounds=[-2.944,2.944]
SPRT game 10: WDL=0-10-0 llr=0.000 bounds=[-2.944,2.944]
SPRT game 11: WDL=0-10-1 llr=-0.029 bounds=[-2.944,2.944]
SPRT game 12: WDL=1-10-1 llr=0.000 bounds=[-2.944,2.944]
SPRT game 13: WDL=1-11-1 llr=0.000 bounds=[-2.944,2.944]
SPRT game 14: WDL=1-12-1 llr=0.000 bounds=[-2.944,2.944]
SPRT game 15: WDL=1-13-1 llr=0.000 bounds=[-2.944,2.944]
SPRT game 16: WDL=1-14-1 llr=0.000 bounds=[-2.944,2.944]
SPRT game 17: WDL=1-14-2 llr=-0.029 bounds=[-2.944,2.944]
SPRT game 18: WDL=1-15-2 llr=-0.029 bounds=[-2.944,2.944]
SPRT game 19: WDL=1-16-2 llr=-0.029 bounds=[-2.944,2.944]
SPRT game 20: WDL=1-17-2 llr=-0.029 bounds=[-2.944,2.944]
SPRT game 21: WDL=1-18-2 llr=-0.029 bounds=[-2.944,2.944]
SPRT game 22: WDL=1-19-2 llr=-0.029 bounds=[-2.944,2.944]
SPRT game 23: WDL=1-19-3 llr=-0.058 bounds=[-2.944,2.944]
SPRT game 24: WDL=1-20-3 llr=-0.058 bounds=[-2.944,2.944]
SPRT game 25: WDL=1-21-3 llr=-0.058 bounds=[-2.944,2.944]
SPRT game 26: WDL=1-22-3 llr=-0.058 bounds=[-2.944,2.944]
SPRT game 27: WDL=1-23-3 llr=-0.058 bounds=[-2.944,2.944]
SPRT game 28: WDL=2-23-3 llr=-0.029 bounds=[-2.944,2.944]
SPRT game 29: WDL=2-24-3 llr=-0.029 bounds=[-2.944,2.944]
SPRT game 30: WDL=2-25-3 llr=-0.029 bounds=[-2.944,2.944]
SPRT game 31: WDL=2-26-3 llr=-0.029 bounds=[-2.944,2.944]
SPRT game 32: WDL=2-27-3 llr=-0.029 bounds=[-2.944,2.944]
SPRT game 33: WDL=2-28-3 llr=-0.029 bounds=[-2.944,2.944]
SPRT game 34: WDL=2-29-3 llr=-0.029 bounds=[-2.944,2.944]
SPRT game 35: WDL=2-30-3 llr=-0.029 bounds=[-2.944,2.944]
SPRT game 36: WDL=2-31-3 llr=-0.029 bounds=[-2.944,2.944]
SPRT game 37: WDL=2-32-3 llr=-0.029 bounds=[-2.944,2.944]
SPRT game 38: WDL=2-33-3 llr=-0.029 bounds=[-2.944,2.944]
SPRT game 39: WDL=2-34-3 llr=-0.029 bounds=[-2.944,2.944]
SPRT game 40: WDL=2-35-3 llr=-0.029 bounds=[-2.944,2.944]
SPRT game 41: WDL=2-35-4 llr=-0.058 bounds=[-2.944,2.944]
SPRT game 42: WDL=2-36-4 llr=-0.058 bounds=[-2.944,2.944]
SPRT game 43: WDL=2-36-5 llr=-0.086 bounds=[-2.944,2.944]
SPRT game 44: WDL=2-37-5 llr=-0.086 bounds=[-2.944,2.944]
SPRT game 45: WDL=2-38-5 llr=-0.086 bounds=[-2.944,2.944]
SPRT game 46: WDL=3-38-5 llr=-0.058 bounds=[-2.944,2.944]
SPRT game 47: WDL=3-39-5 llr=-0.058 bounds=[-2.944,2.944]
SPRT game 48: WDL=3-40-5 llr=-0.058 bounds=[-2.944,2.944]
SPRT game 49: WDL=3-41-5 llr=-0.058 bounds=[-2.944,2.944]
SPRT game 50: WDL=3-42-5 llr=-0.058 bounds=[-2.944,2.944]
SPRT game 51: WDL=3-42-6 llr=-0.086 bounds=[-2.944,2.944]
SPRT game 52: WDL=3-43-6 llr=-0.086 bounds=[-2.944,2.944]
SPRT game 53: WDL=3-44-6 llr=-0.086 bounds=[-2.944,2.944]
SPRT game 54: WDL=3-45-6 llr=-0.086 bounds=[-2.944,2.944]
SPRT game 55: WDL=3-46-6 llr=-0.086 bounds=[-2.944,2.944]
SPRT game 56: WDL=3-47-6 llr=-0.086 bounds=[-2.944,2.944]
SPRT game 57: WDL=3-48-6 llr=-0.086 bounds=[-2.944,2.944]
SPRT game 58: WDL=3-49-6 llr=-0.086 bounds=[-2.944,2.944]
SPRT game 59: WDL=4-49-6 llr=-0.058 bounds=[-2.944,2.944]
SPRT game 60: WDL=5-49-6 llr=-0.029 bounds=[-2.944,2.944]
SPRT game 61: WDL=5-50-6 llr=-0.029 bounds=[-2.944,2.944]
SPRT game 62: WDL=5-51-6 llr=-0.029 bounds=[-2.944,2.944]
SPRT game 63: WDL=5-52-6 llr=-0.029 bounds=[-2.944,2.944]
SPRT game 64: WDL=6-52-6 llr=0.000 bounds=[-2.944,2.944]
SPRT game 65: WDL=6-53-6 llr=0.000 bounds=[-2.944,2.944]
SPRT game 66: WDL=6-54-6 llr=0.000 bounds=[-2.944,2.944]
SPRT game 67: WDL=6-55-6 llr=0.000 bounds=[-2.944,2.944]
SPRT game 68: WDL=6-56-6 llr=0.000 bounds=[-2.944,2.944]
SPRT game 69: WDL=6-57-6 llr=0.000 bounds=[-2.944,2.944]
SPRT game 70: WDL=6-58-6 llr=0.000 bounds=[-2.944,2.944]
SPRT game 71: WDL=6-58-7 llr=-0.029 bounds=[-2.944,2.944]
SPRT game 72: WDL=6-59-7 llr=-0.029 bounds=[-2.944,2.944]
SPRT game 73: WDL=6-60-7 llr=-0.029 bounds=[-2.944,2.944]
SPRT game 74: WDL=7-60-7 llr=0.000 bounds=[-2.944,2.944]
SPRT game 75: WDL=7-61-7 llr=0.000 bounds=[-2.944,2.944]
SPRT game 76: WDL=7-62-7 llr=0.000 bounds=[-2.944,2.944]
SPRT game 77: WDL=7-63-7 llr=0.000 bounds=[-2.944,2.944]
SPRT game 78: WDL=8-63-7 llr=0.029 bounds=[-2.944,2.944]
SPRT game 79: WDL=8-64-7 llr=0.029 bounds=[-2.944,2.944]
SPRT game 80: WDL=9-64-7 llr=0.058 bounds=[-2.944,2.944]
{
  "decision": "inconclusive",
  "W": 9,
  "D": 64,
  "L": 7
}
