SPRT game 1: WDL=0-1-0 llr=0.000 bounds=[-2.944,2.944]
SPRT game 2: WDL=0-1-1 llr=-0.050 bounds=[-2.944,2.944]
SPRT game 3: WDL=0-2-1 llr=-0.065 bounds=[-2.944,2.944]
SPRT game 4: WDL=0-3-1 llr=-0.079 bounds=[-2.944,2.944]
SPRT game 5: WDL=0-4-1 llr=-0.094 bounds=[-2.944,2.944]
SPRT game 6: WDL=0-5-1 llr=-0.108 bounds=[-2.944,2.944]
SPRT game 7: WDL=0-6-1 llr=-0.122 bounds=[-2.944,2.944]
SPRT game 8: WDL=0-7-1 llr=-0.137 bounds=[-2.944,2.944]
SPRT game 9: WDL=0-8-1 llr=-0.151 bounds=[-2.944,2.944]
SPRT game 10: WDL=0-9-1 llr=-0.166 bounds=[-2.944,2.944]
SPRT game 11: WDL=0-10-1 llr=-0.180 bounds=[-2.944,2.944]
SPRT game 12: WDL=0-11-1 llr=-0.195 bounds=[-2.944,2.944]
SPRT game 13: WDL=0-12-1 llr=-0.209 bounds=[-2.944,2.944]
SPRT game 14: WDL=0-13-1 llr=-0.224 bounds=[-2.944,2.944]
SPRT game 15: WDL=0-14-1 llr=-0.239 bounds=[-2.944,2.944]
SPRT game 16: WDL=0-15-1 llr=-0.253 bounds=[-2.944,2.944]
SPRT game 17: WDL=0-16-1 llr=-0.268 bounds=[-2.944,2.944]
SPRT game 18: WDL=0-17-1 llr=-0.282 bounds=[-2.944,2.944]
SPRT game 19: WDL=0-18-1 llr=-0.297 bounds=[-2.944,2.944]
SPRT game 20: WDL=0-18-2 llr=-0.414 bounds=[-2.944,2.944]
SPRT game 21: WDL=0-19-2 llr=-0.433 bounds=[-2.944,2.944]
SPRT game 22: WDL=0-20-2 llr=-0.453 bounds=[-2.944,2.944]
SPRT game 23: WDL=0-21-2 llr=-0.472 bounds=[-2.944,2.944]
SPRT game 24: WDL=0-22-2 llr=-0.492 bounds=[-2.944,2.944]
SPRT game 25: WDL=0-23-2 llr=-0.511 bounds=[-2.944,2.944]
SPRT game 26: WDL=0-24-2 llr=-0.531 bounds=[-2.944,2.944]
SPRT game 27: WDL=0-25-2 llr=-0.550 bounds=[-2.944,2.944]
SPRT game 28: WDL=0-26-2 llr=-0.570 bounds=[-2.944,2.944]
SPRT game 29: WDL=0-27-2 llr=-0.589 bounds=[-2.944,2.944]
SPRT game 30: WDL=0-28-2 llr=-0.609 bounds=[-2.944,2.944]
SPRT game 31: WDL=0-29-2 llr=-0.629 bounds=[-2.944,2.944]
SPRT game 32: WDL=0-30-2 llr=-0.648 bounds=[-2.944,2.944]
SPRT game 33: WDL=0-31-2 llr=-0.668 bounds=[-2.944,2.944]
SPRT game 34: WDL=0-32-2 llr=-0.688 bounds=[-2.944,2.944]
SPRT game 35: WDL=0-33-2 llr=-0.708 bounds=[-2.944,2.944]
SPRT game 36: WDL=0-34-2 llr=-0.727 bounds=[-2.944,2.944]
SPRT game 37: WDL=0-35-2 llr=-0.747 bounds=[-2.944,2.944]
SPRT game 38: WDL=0-36-2 llr=-0.767 bounds=[-2.944,2.944]
SPRT game 39: WDL=0-37-2 llr=-0.787 bounds=[-2.944,2.944]
SPRT game 40: WDL=0-38-2 llr=-0.807 bounds=[-2.944,2.944]
SPRT game 41: WDL=0-39-2 llr=-0.827 bounds=[-2.944,2.944]
SPRT game 42: WDL=0-40-2 llr=-0.847 bounds=[-2.944,2.944]
SPRT game 43: WDL=0-41-2 llr=-0.867 bounds=[-2.944,2.944]
SPRT game 44: WDL=0-42-2 llr=-0.887 bounds=[-2.944,2.944]
SPRT game 45: WDL=0-43-2 llr=-0.907 bounds=[-2.944,2.944]
SPRT game 46: WDL=0-44-2 llr=-0.928 bounds=[-2.944,2.944]
SPRT game 47: WDL=0-45-2 llr=-0.948 bounds=[-2.944,2.944]
SPRT game 48: WDL=0-46-2 llr=-0.968 bounds=[-2.944,2.944]
SPRT game 49: WDL=0-47-2 llr=-0.989 bounds=[-2.944,2.944]
SPRT game 50: WDL=0-48-2 llr=-1.009 bounds=[-2.944,2.944]
SPRT game 51: WDL=0-49-2 llr=-1.029 bounds=[-2.944,2.944]
SPRT game 52: WDL=0-50-2 llr=-1.050 bounds=[-2.944,2.944]
SPRT game 53: WDL=0-51-2 llr=-1.071 bounds=[-2.944,2.944]
SPRT game 54: WDL=0-52-2 llr=-1.091 bounds=[-2.944,2.944]
SPRT game 55: WDL=0-53-2 llr=-1.112 bounds=[-2.944,2.944]
SPRT game 56: WDL=0-54-2 llr=-1.133 bounds=[-2.944,2.944]
SPRT game 57: WDL=0-55-2 llr=-1.153 bounds=[-2.944,2.944]
SPRT game 58: WDL=0-56-2 llr=-1.174 bounds=[-2.944,2.944]
SPRT game 59: WDL=0-57-2 llr=-1.195 bounds=[-2.944,2.944]
SPRT game 60: WDL=0-58-2 llr=-1.216 bounds=[-2.944,2.944]
SPRT game 61: WDL=0-59-2 llr=-1.237 bounds=[-2.944,2.944]
SPRT game 62: WDL=0-60-2 llr=-1.258 bounds=[-2.944,2.944]
SPRT game 63: WDL=0-61-2 llr=-1.279 bounds=[-2.944,2.944]
SPRT game 64: WDL=0-62-2 llr=-1.301 bounds=[-2.944,2.944]
SPRT game 65: WDL=0-63-2 llr=-1.322 bounds=[-2.944,2.944]
SPRT game 66: WDL=0-64-2 llr=-1.343 bounds=[-2.944,2.944]
SPRT game 67: WDL=0-65-2 llr=-1.365 bounds=[-2.944,2.944]
SPRT game 68: WDL=0-66-2 llr=-1.386 bounds=[-2.944,2.944]
SPRT game 69: WDL=0-67-2 llr=-1.408 bounds=[-2.944,2.944]
SPRT game 70: WDL=0-68-2 llr=-1.430 bounds=[-2.944,2.944]
SPRT game 71: WDL=0-69-2 llr=-1.452 bounds=[-2.944,2.944]
SPRT game 72: WDL=0-70-2 llr=-1.473 bounds=[-2.944,2.944]
SPRT game 73: WDL=0-71-2 llr=-1.495 bounds=[-2.944,2.944]
SPRT game 74: WDL=0-72-2 llr=-1.517 bounds=[-2.944,2.944]
SPRT game 75: WDL=0-73-2 llr=-1.540 bounds=[-2.944,2.944]
SPRT game 76: WDL=0-74-2 llr=-1.562 bounds=[-2.944,2.944]
SPRT game 77: WDL=0-75-2 llr=-1.584 bounds=[-2.944,2.944]
SPRT game 78: WDL=0-76-2 llr=-1.607 bounds=[-2.944,2.944]
SPRT game 79: WDL=0-77-2 llr=-1.629 bounds=[-2.944,2.944]
SPRT game 80: WDL=0-78-2 llr=-1.652 bounds=[-2.944,2.944]
SPRT game 81: WDL=0-79-2 llr=-1.674 bounds=[-2.944,2.944]
SPRT game 82: WDL=0-80-2 llr=-1.697 bounds=[-2.944,2.944]
SPRT game 83: WDL=0-81-2 llr=-1.720 bounds=[-2.944,2.944]
SPRT game 84: WDL=0-82-2 llr=-1.743 bounds=[-2.944,2.944]
SPRT game 85: WDL=0-83-2 llr=-1.766 bounds=[-2.944,2.944]
SPRT game 86: WDL=0-84-2 llr=-1.789 bounds=[-2.944,2.944]
SPRT game 87: WDL=0-85-2 llr=-1.813 bounds=[-2.944,2.944]
SPRT game 88: WDL=0-86-2 llr=-1.836 bounds=[-2.944,2.944]
SPRT game 89: WDL=0-87-2 llr=-1.860 bounds=[-2.944,2.944]
SPRT game 90: WDL=1-87-2 llr=-0.684 bounds=[-2.944,2.944]
SPRT game 91: WDL=1-88-2 llr=-0.692 bounds=[-2.944,2.944]
SPRT game 92: WDL=1-89-2 llr=-0.700 bounds=[-2.944,2.944]
SPRT game 93: WDL=1-90-2 llr=-0.708 bounds=[-2.944,2.944]
SPRT game 94: WDL=1-91-2 llr=-0.716 bounds=[-2.944,2.944]
SPRT game 95: WDL=1-92-2 llr=-0.724 bounds=[-2.944,2.944]
SPRT game 96: WDL=1-93-2 llr=-0.733 bounds=[-2.944,2.944]
SPRT game 97: WDL=1-94-2 llr=-0.741 bounds=[-2.944,2.944]
SPRT game 98: WDL=1-95-2 llr=-0.749 bounds=[-2.944,2.944]
SPRT game 99: WDL=1-96-2 llr=-0.757 bounds=[-2.944,2.944]
SPRT game 100: WDL=1-97-2 llr=-0.766 bounds=[-2.944,2.944]
SPRT game 101: WDL=1-98-2 llr=-0.774 bounds=[-2.944,2.944]
SPRT game 102: WDL=1-99-2 llr=-0.782 bounds=[-2.944,2.944]
SPRT game 103: WDL=1-99-3 llr=-1.241 bounds=[-2.944,2.944]
SPRT game 104: WDL=1-100-3 llr=-1.254 bounds=[-2.944,2.944]
SPRT game 105: WDL=1-101-3 llr=-1.267 bounds=[-2.944,2.944]
SPRT game 106: WDL=1-102-3 llr=-1.279 bounds=[-2.944,2.944]
SPRT game 107: WDL=1-103-3 llr=-1.292 bounds=[-2.944,2.944]
SPRT game 108: WDL=1-104-3 llr=-1.305 bounds=[-2.944,2.944]
SPRT game 109: WDL=1-105-3 llr=-1.318 bounds=[-2.944,2.944]
SPRT game 110: WDL=1-106-3 llr=-1.331 bounds=[-2.944,2.944]
SPRT game 111: WDL=1-107-3 llr=-1.343 bounds=[-2.944,2.944]
SPRT game 112: WDL=1-108-3 llr=-1.356 bounds=[-2.944,2.944]
SPRT game 113: WDL=1-109-3 llr=-1.369 bounds=[-2.944,2.944]
SPRT game 114: WDL=1-110-3 llr=-1.382 bounds=[-2.944,2.944]
SPRT game 115: WDL=2-110-3 llr=-0.574 bounds=[-2.944,2.944]
SPRT game 116: WDL=2-111-3 llr=-0.579 bounds=[-2.944,2.944]
SPRT game 117: WDL=2-112-3 llr=-0.585 bounds=[-2.944,2.944]
SPRT game 118: WDL=2-113-3 llr=-0.590 bounds=[-2.944,2.944]
SPRT game 119: WDL=2-114-3 llr=-0.595 bounds=[-2.944,2.944]
SPRT game 120: WDL=2-115-3 llr=-0.600 bounds=[-2.944,2.944]
SPRT game 121: WDL=2-116-3 llr=-0.605 bounds=[-2.944,2.944]
SPRT game 122: WDL=2-117-3 llr=-0.611 bounds=[-2.944,2.944]
SPRT game 123: WDL=2-118-3 llr=-0.616 bounds=[-2.944,2.944]
SPRT game 124: WDL=2-119-3 llr=-0.621 bounds=[-2.944,2.944]
SPRT game 125: WDL=2-120-3 llr=-0.627 bounds=[-2.944,2.944]
SPRT game 126: WDL=2-121-3 llr=-0.632 bounds=[-2.944,2.944]
SPRT game 127: WDL=2-122-3 llr=-0.637 bounds=[-2.944,2.944]
SPRT game 128: WDL=2-123-3 llr=-0.642 bounds=[-2.944,2.944]
SPRT game 129: WDL=2-124-3 llr=-0.648 bounds=[-2.944,2.944]
SPRT game 130: WDL=2-125-3 llr=-0.653 bounds=[-2.944,2.944]
SPRT game 131: WDL=2-126-3 llr=-0.658 bounds=[-2.944,2.944]
SPRT game 132: WDL=2-127-3 llr=-0.664 bounds=[-2.944,2.944]
SPRT game 133: WDL=2-128-3 llr=-0.669 bounds=[-2.944,2.944]
SPRT game 134: WDL=2-129-3 llr=-0.674 bounds=[-2.944,2.944]
SPRT game 135: WDL=2-130-3 llr=-0.680 bounds=[-2.944,2.944]
SPRT game 136: WDL=2-131-3 llr=-0.685 bounds=[-2.944,2.944]
SPRT game 137: WDL=2-132-3 llr=-0.691 bounds=[-2.944,2.944]
SPRT game 138: WDL=2-133-3 llr=-0.696 bounds=[-2.944,2.944]
SPRT game 139: WDL=2-134-3 llr=-0.701 bounds=[-2.944,2.944]
SPRT game 140: WDL=2-135-3 llr=-0.707 bounds=[-2.944,2.944]
SPRT game 141: WDL=2-136-3 llr=-0.712 bounds=[-2.944,2.944]
SPRT game 142: WDL=2-137-3 llr=-0.718 bounds=[-2.944,2.944]
SPRT game 143: WDL=2-138-3 llr=-0.723 bounds=[-2.944,2.944]
SPRT game 144: WDL=2-139-3 llr=-0.729 bounds=[-2.944,2.944]
SPRT game 145: WDL=2-140-3 llr=-0.734 bounds=[-2.944,2.944]
SPRT game 146: WDL=2-141-3 llr=-0.739 bounds=[-2.944,2.944]
SPRT game 147: WDL=2-142-3 llr=-0.745 bounds=[-2.944,2.944]
SPRT game 148: WDL=2-143-3 llr=-0.750 bounds=[-2.944,2.944]
SPRT game 149: WDL=2-144-3 llr=-0.756 bounds=[-2.944,2.944]
SPRT game 150: WDL=2-145-3 llr=-0.761 bounds=[-2.944,2.944]
SPRT game 151: WDL=2-146-3 llr=-0.767 bounds=[-2.944,2.944]
SPRT game 152: WDL=2-147-3 llr=-0.773 bounds=[-2.944,2.944]
SPRT game 153: WDL=2-148-3 llr=-0.778 bounds=[-2.944,2.944]
SPRT game 154: WDL=2-149-3 llr=-0.784 bounds=[-2.944,2.944]
SPRT game 155: WDL=2-150-3 llr=-0.789 bounds=[-2.944,2.944]
SPRT game 156: WDL=2-151-3 llr=-0.795 bounds=[-2.944,2.944]
SPRT game 157: WDL=2-152-3 llr=-0.800 bounds=[-2.944,2.944]
SPRT game 158: WDL=2-153-3 llr=-0.806 bounds=[-2.944,2.944]
SPRT game 159: WDL=3-153-3 llr=0.000 bounds=[-2.944,2.944]
SPRT game 160: WDL=3-153-4 llr=-0.598 bounds=[-2.944,2.944]
SPRT game 161: WDL=3-154-4 llr=-0.602 bounds=[-2.944,2.944]
SPRT game 162: WDL=3-155-4 llr=-0.606 bounds=[-2.944,2.944]
SPRT game 163: WDL=3-156-4 llr=-0.610 bounds=[-2.944,2.944]
SPRT game 164: WDL=3-157-4 llr=-0.614 bounds=[-2.944,2.944]
SPRT game 165: WDL=3-158-4 llr=-0.618 bounds=[-2.944,2.944]
SPRT game 166: WDL=3-159-4 llr=-0.622 bounds=[-2.944,2.944]
SPRT game 167: WDL=4-159-4 llr=-0.000 bounds=[-2.944,2.944]
SPRT game 168: WDL=4-160-4 llr=0.000 bounds=[-2.944,2.944]
SPRT game 169: WDL=4-161-4 llr=-0.000 bounds=[-2.944,2.944]
SPRT game 170: WDL=4-162-4 llr=0.000 bounds=[-2.944,2.944]
SPRT game 171: WDL=4-163-4 llr=-0.000 bounds=[-2.944,2.944]
SPRT game 172: WDL=4-164-4 llr=0.000 bounds=[-2.944,2.944]
SPRT game 173: WDL=4-165-4 llr=0.000 bounds=[-2.944,2.944]
SPRT game 174: WDL=4-166-4 llr=0.000 bounds=[-2.944,2.944]
SPRT game 175: WDL=4-167-4 llr=0.000 bounds=[-2.944,2.944]
SPRT game 176: WDL=4-168-4 llr=0.000 bounds=[-2.944,2.944]
SPRT game 177: WDL=5-168-4 llr=0.525 bounds=[-2.944,2.944]
SPRT game 178: WDL=5-169-4 llr=0.529 bounds=[-2.944,2.944]
SPRT game 179: WDL=5-170-4 llr=0.532 bounds=[-2.944,2.944]
SPRT game 180: WDL=5-171-4 llr=0.535 bounds=[-2.944,2.944]
SPRT game 181: WDL=5-172-4 llr=0.538 bounds=[-2.944,2.944]
SPRT game 182: WDL=5-173-4 llr=0.541 bounds=[-2.944,2.944]
SPRT game 183: WDL=5-174-4 llr=0.544 bounds=[-2.944,2.944]
SPRT game 184: WDL=5-175-4 llr=0.547 bounds=[-2.944,2.944]
SPRT game 185: WDL=5-176-4 llr=0.550 bounds=[-2.944,2.944]
SPRT game 186: WDL=5-177-4 llr=0.553 bounds=[-2.944,2.944]
SPRT game 187: WDL=5-178-4 llr=0.556 bounds=[-2.944,2.944]
SPRT game 188: WDL=5-179-4 llr=0.560 bounds=[-2.944,2.944]
SPRT game 189: WDL=5-180-4 llr=0.563 bounds=[-2.944,2.944]
SPRT game 190: WDL=5-181-4 llr=0.566 bounds=[-2.944,2.944]
SPRT game 191: WDL=5-182-4 llr=0.569 bounds=[-2.944,2.944]
SPRT game 192: WDL=5-183-4 llr=0.572 bounds=[-2.944,2.944]
SPRT game 193: WDL=5-184-4 llr=0.575 bounds=[-2.944,2.944]
SPRT game 194: WDL=5-185-4 llr=0.578 bounds=[-2.944,2.944]
SPRT game 195: WDL=5-186-4 llr=0.581 bounds=[-2.944,2.944]
SPRT game 196: WDL=5-187-4 llr=0.585 bounds=[-2.944,2.944]
SPRT game 197: WDL=5-188-4 llr=0.588 bounds=[-2.944,2.944]
SPRT game 198: WDL=5-189-4 llr=0.591 bounds=[-2.944,2.944]
SPRT game 199: WDL=5-190-4 llr=0.594 bounds=[-2.944,2.944]
SPRT game 200: WDL=5-191-4 llr=0.597 bounds=[-2.944,2.944]
SPRT game 201: WDL=5-192-4 llr=0.600 bounds=[-2.944,2.944]
SPRT game 202: WDL=5-193-4 llr=0.603 bounds=[-2.944,2.944]
SPRT game 203: WDL=5-194-4 llr=0.606 bounds=[-2.944,2.944]
SPRT game 204: WDL=5-195-4 llr=0.610 bounds=[-2.944,2.944]
SPRT game 205: WDL=5-196-4 llr=0.613 bounds=[-2.944,2.944]
SPRT game 206: WDL=5-197-4 llr=0.616 bounds=[-2.944,2.944]
SPRT game 207: WDL=5-198-4 llr=0.619 bounds=[-2.944,2.944]
SPRT game 208: WDL=5-199-4 llr=0.622 bounds=[-2.944,2.944]
SPRT game 209: WDL=5-200-4 llr=0.625 bounds=[-2.944,2.944]
SPRT game 210: WDL=5-201-4 llr=0.629 bounds=[-2.944,2.944]
SPRT game 211: WDL=5-202-4 llr=0.632 bounds=[-2.944,2.944]
SPRT game 212: WDL=5-203-4 llr=0.635 bounds=[-2.944,2.944]
SPRT game 213: WDL=5-204-4 llr=0.638 bounds=[-2.944,2.944]
SPRT game 214: WDL=5-205-4 llr=0.641 bounds=[-2.944,2.944]
SPRT game 215: WDL=5-206-4 llr=0.645 bounds=[-2.944,2.944]
SPRT game 216: WDL=5-207-4 llr=0.648 bounds=[-2.944,2.944]
SPRT game 217: WDL=5-208-4 llr=0.651 bounds=[-2.944,2.944]
SPRT game 218: WDL=6-208-4 llr=1.182 bounds=[-2.944,2.944]
SPRT game 219: WDL=6-209-4 llr=1.188 bounds=[-2.944,2.944]
SPRT game 220: WDL=6-210-4 llr=1.193 bounds=[-2.944,2.944]
SPRT game 221: WDL=6-211-4 llr=1.199 bounds=[-2.944,2.944]
SPRT game 222: WDL=6-212-4 llr=1.205 bounds=[-2.944,2.944]
SPRT game 223: WDL=6-213-4 llr=1.210 bounds=[-2.944,2.944]
SPRT game 224: WDL=6-214-4 llr=1.216 bounds=[-2.944,2.944]
SPRT game 225: WDL=6-215-4 llr=1.222 bounds=[-2.944,2.944]
SPRT game 226: WDL=6-216-4 llr=1.228 bounds=[-2.944,2.944]
SPRT game 227: WDL=6-217-4 llr=1.233 bounds=[-2.944,2.944]
SPRT game 228: WDL=6-218-4 llr=1.239 bounds=[-2.944,2.944]
SPRT game 229: WDL=6-219-4 llr=1.245 bounds=[-2.944,2.944]
SPRT game 230: WDL=6-220-4 llr=1.251 bounds=[-2.944,2.944]
SPRT game 231: WDL=6-221-4 llr=1.256 bounds=[-2.944,2.944]
SPRT game 232: WDL=6-222-4 llr=1.262 bounds=[-2.944,2.944]
SPRT game 233: WDL=6-223-4 llr=1.268 bounds=[-2.944,2.944]
SPRT game 234: WDL=6-224-4 llr=1.274 bounds=[-2.944,2.944]
SPRT game 235: WDL=6-225-4 llr=1.279 bounds=[-2.944,2.944]
SPRT game 236: WDL=6-226-4 llr=1.285 bounds=[-2.944,2.944]
SPRT game 237: WDL=6-227-4 llr=1.291 bounds=[-2.944,2.944]
SPRT game 238: WDL=6-227-5 llr=0.591 bounds=[-2.944,2.944]
SPRT game 239: WDL=6-228-5 llr=0.594 bounds=[-2.944,2.944]
SPRT game 240: WDL=6-229-5 llr=0.596 bounds=[-2.944,2.944]
SPRT game 241: WDL=6-230-5 llr=0.599 bounds=[-2.944,2.944]
SPRT game 242: WDL=6-231-5 llr=0.602 bounds=[-2.944,2.944]
SPRT game 243: WDL=6-232-5 llr=0.604 bounds=[-2.944,2.944]
SPRT game 244: WDL=6-233-5 llr=0.607 bounds=[-2.944,2.944]
SPRT game 245: WDL=6-234-5 llr=0.609 bounds=[-2.944,2.944]
SPRT game 246: WDL=6-235-5 llr=0.612 bounds=[-2.944,2.944]
SPRT game 247: WDL=6-236-5 llr=0.615 bounds=[-2.944,2.944]
SPRT game 248: WDL=6-237-5 llr=0.617 bounds=[-2.944,2.944]
SPRT game 249: WDL=6-238-5 llr=0.620 bounds=[-2.944,2.944]
SPRT game 250: WDL=6-239-5 llr=0.623 bounds=[-2.944,2.944]
SPRT game 251: WDL=6-240-5 llr=0.625 bounds=[-2.944,2.944]
SPRT game 252: WDL=6-241-5 llr=0.628 bounds=[-2.944,2.944]
SPRT game 253: WDL=6-242-5 llr=0.630 bounds=[-2.944,2.944]
SPRT game 254: WDL=6-243-5 llr=0.633 bounds=[-2.944,2.944]
SPRT game 255: WDL=6-244-5 llr=0.636 bounds=[-2.944,2.944]
SPRT game 256: WDL=6-245-5 llr=0.638 bounds=[-2.944,2.944]
SPRT game 257: WDL=6-246-5 llr=0.641 bounds=[-2.944,2.944]
SPRT game 258: WDL=6-247-5 llr=0.644 bounds=[-2.944,2.944]
SPRT game 259: WDL=6-248-5 llr=0.646 bounds=[-2.944,2.944]
SPRT game 260: WDL=6-249-5 llr=0.649 bounds=[-2.944,2.944]
SPRT game 261: WDL=6-250-5 llr=0.652 bounds=[-2.944,2.944]
SPRT game 262: WDL=7-250-5 llr=1.202 bounds=[-2.944,2.944]
SPRT game 263: WDL=7-251-5 llr=1.206 bounds=[-2.944,2.944]
SPRT game 264: WDL=7-252-5 llr=1.211 bounds=[-2.944,2.944]
SPRT game 265: WDL=7-253-5 llr=1.216 bounds=[-2.944,2.944]
SPRT game 266: WDL=7-254-5 llr=1.221 bounds=[-2.944,2.944]
SPRT game 267: WDL=7-255-5 llr=1.226 bounds=[-2.944,2.944]
SPRT game 268: WDL=8-255-5 llr=1.707 bounds=[-2.944,2.944]
SPRT game 269: WDL=8-256-5 llr=1.713 bounds=[-2.944,2.944]
SPRT game 270: WDL=8-257-5 llr=1.720 bounds=[-2.944,2.944]
SPRT game 271: WDL=8-258-5 llr=1.727 bounds=[-2.944,2.944]
SPRT game 272: WDL=8-259-5 llr=1.733 bounds=[-2.944,2.944]
SPRT game 273: WDL=8-260-5 llr=1.740 bounds=[-2.944,2.944]
SPRT game 274: WDL=8-261-5 llr=1.747 bounds=[-2.944,2.944]
SPRT game 275: WDL=8-262-5 llr=1.754 bounds=[-2.944,2.944]
SPRT game 276: WDL=8-263-5 llr=1.760 bounds=[-2.944,2.944]
SPRT game 277: WDL=8-264-5 llr=1.767 bounds=[-2.944,2.944]
SPRT game 278: WDL=8-265-5 llr=1.774 bounds=[-2.944,2.944]
SPRT game 279: WDL=8-266-5 llr=1.780 bounds=[-2.944,2.944]
SPRT game 280: WDL=8-267-5 llr=1.787 bounds=[-2.944,2.944]
SPRT game 281: WDL=8-268-5 llr=1.794 bounds=[-2.944,2.944]
SPRT game 282: WDL=8-269-5 llr=1.801 bounds=[-2.944,2.944]
SPRT game 283: WDL=8-270-5 llr=1.807 bounds=[-2.944,2.944]
SPRT game 284: WDL=8-271-5 llr=1.814 bounds=[-2.944,2.944]
SPRT game 285: WDL=8-272-5 llr=1.821 bounds=[-2.944,2.944]
SPRT game 286: WDL=8-273-5 llr=1.828 bounds=[-2.944,2.944]
SPRT game 287: WDL=8-274-5 llr=1.834 bounds=[-2.944,2.944]
SPRT game 288: WDL=8-275-5 llr=1.841 bounds=[-2.944,2.944]
SPRT game 289: WDL=8-276-5 llr=1.848 bounds=[-2.944,2.944]
SPRT game 290: WDL=8-277-5 llr=1.855 bounds=[-2.944,2.944]
SPRT game 291: WDL=8-278-5 llr=1.861 bounds=[-2.944,2.944]
SPRT game 292: WDL=8-279-5 llr=1.868 bounds=[-2.944,2.944]
SPRT game 293: WDL=8-280-5 llr=1.875 bounds=[-2.944,2.944]
SPRT game 294: WDL=8-280-6 llr=1.166 bounds=[-2.944,2.944]
SPRT game 295: WDL=8-281-6 llr=1.170 bounds=[-2.944,2.944]
SPRT game 296: WDL=8-282-6 llr=1.174 bounds=[-2.944,2.944]
SPRT game 297: WDL=8-283-6 llr=1.178 bounds=[-2.944,2.944]
SPRT game 298: WDL=8-284-6 llr=1.183 bounds=[-2.944,2.944]
SPRT game 299: WDL=8-285-6 llr=1.187 bounds=[-2.944,2.944]
SPRT game 300: WDL=8-286-6 llr=1.191 bounds=[-2.944,2.944]
SPRT game 301: WDL=8-287-6 llr=1.195 bounds=[-2.944,2.944]
SPRT game 302: WDL=8-288-6 llr=1.199 bounds=[-2.944,2.944]
SPRT game 303: WDL=8-289-6 llr=1.204 bounds=[-2.944,2.944]
SPRT game 304: WDL=8-290-6 llr=1.208 bounds=[-2.944,2.944]
SPRT game 305: WDL=8-291-6 llr=1.212 bounds=[-2.944,2.944]
SPRT game 306: WDL=8-292-6 llr=1.216 bounds=[-2.944,2.944]
SPRT game 307: WDL=8-293-6 llr=1.220 bounds=[-2.944,2.944]
SPRT game 308: WDL=8-294-6 llr=1.225 bounds=[-2.944,2.944]
SPRT game 309: WDL=8-295-6 llr=1.229 bounds=[-2.944,2.944]
SPRT game 310: WDL=8-296-6 llr=1.233 bounds=[-2.944,2.944]
SPRT game 311: WDL=8-297-6 llr=1.237 bounds=[-2.944,2.944]
SPRT game 312: WDL=8-298-6 llr=1.241 bounds=[-2.944,2.944]
SPRT game 313: WDL=8-299-6 llr=1.246 bounds=[-2.944,2.944]
SPRT game 314: WDL=8-300-6 llr=1.250 bounds=[-2.944,2.944]
SPRT game 315: WDL=8-301-6 llr=1.254 bounds=[-2.944,2.944]
SPRT game 316: WDL=8-302-6 llr=1.258 bounds=[-2.944,2.944]
SPRT game 317: WDL=8-303-6 llr=1.263 bounds=[-2.944,2.944]
SPRT game 318: WDL=8-304-6 llr=1.267 bounds=[-2.944,2.944]
SPRT game 319: WDL=8-305-6 llr=1.271 bounds=[-2.944,2.944]
SPRT game 320: WDL=8-306-6 llr=1.275 bounds=[-2.944,2.944]
SPRT game 321: WDL=8-307-6 llr=1.279 bounds=[-2.944,2.944]
SPRT game 322: WDL=8-308-6 llr=1.284 bounds=[-2.944,2.944]
SPRT game 323: WDL=8-309-6 llr=1.288 bounds=[-2.944,2.944]
SPRT game 324: WDL=8-310-6 llr=1.292 bounds=[-2.944,2.944]
SPRT game 325: WDL=8-311-6 llr=1.296 bounds=[-2.944,2.944]
SPRT game 326: WDL=8-312-6 llr=1.301 bounds=[-2.944,2.944]
SPRT game 327: WDL=8-313-6 llr=1.305 bounds=[-2.944,2.944]
SPRT game 328: WDL=8-314-6 llr=1.309 bounds=[-2.944,2.944]
SPRT game 329: WDL=8-315-6 llr=1.314 bounds=[-2.944,2.944]
SPRT game 330: WDL=8-316-6 llr=1.318 bounds=[-2.944,2.944]
SPRT game 331: WDL=8-317-6 llr=1.322 bounds=[-2.944,2.944]
SPRT game 332: WDL=8-318-6 llr=1.326 bounds=[-2.944,2.944]
SPRT game 333: WDL=8-319-6 llr=1.331 bounds=[-2.944,2.944]
SPRT game 334: WDL=8-320-6 llr=1.335 bounds=[-2.944,2.944]
SPRT game 335: WDL=8-321-6 llr=1.339 bounds=[-2.944,2.944]
SPRT game 336: WDL=8-322-6 llr=1.343 bounds=[-2.944,2.944]
SPRT game 337: WDL=8-323-6 llr=1.348 bounds=[-2.944,2.944]
SPRT game 338: WDL=8-324-6 llr=1.352 bounds=[-2.944,2.944]
SPRT game 339: WDL=8-325-6 llr=1.356 bounds=[-2.944,2.944]
SPRT game 340: WDL=8-326-6 llr=1.361 bounds=[-2.944,2.944]
SPRT game 341: WDL=8-327-6 llr=1.365 bounds=[-2.944,2.944]
SPRT game 342: WDL=8-328-6 llr=1.369 bounds=[-2.944,2.944]
SPRT game 343: WDL=8-329-6 llr=1.374 bounds=[-2.944,2.944]
SPRT game 344: WDL=8-330-6 llr=1.378 bounds=[-2.944,2.944]
SPRT game 345: WDL=8-331-6 llr=1.382 bounds=[-2.944,2.944]
SPRT game 346: WDL=8-332-6 llr=1.386 bounds=[-2.944,2.944]
SPRT game 347: WDL=8-333-6 llr=1.391 bounds=[-2.944,2.944]
SPRT game 348: WDL=8-334-6 llr=1.395 bounds=[-2.944,2.944]
SPRT game 349: WDL=8-334-7 llr=0.653 bounds=[-2.944,2.944]
SPRT game 350: WDL=8-335-7 llr=0.655 bounds=[-2.944,2.944]
SPRT game 351: WDL=8-336-7 llr=0.657 bounds=[-2.944,2.944]
SPRT game 352: WDL=8-337-7 llr=0.659 bounds=[-2.944,2.944]
SPRT game 353: WDL=8-338-7 llr=0.661 bounds=[-2.944,2.944]
SPRT game 354: WDL=8-339-7 llr=0.663 bounds=[-2.944,2.944]
SPRT game 355: WDL=8-340-7 llr=0.665 bounds=[-2.944,2.944]
SPRT game 356: WDL=8-341-7 llr=0.667 bounds=[-2.944,2.944]
SPRT game 357: WDL=8-342-7 llr=0.669 bounds=[-2.944,2.944]
SPRT game 358: WDL=8-343-7 llr=0.671 bounds=[-2.944,2.944]
SPRT game 359: WDL=8-344-7 llr=0.673 bounds=[-2.944,2.944]
SPRT game 360: WDL=8-345-7 llr=0.675 bounds=[-2.944,2.944]
SPRT game 361: WDL=8-346-7 llr=0.677 bounds=[-2.944,2.944]
SPRT game 362: WDL=8-347-7 llr=0.679 bounds=[-2.944,2.944]
SPRT game 363: WDL=8-348-7 llr=0.681 bounds=[-2.944,2.944]
SPRT game 364: WDL=8-349-7 llr=0.683 bounds=[-2.944,2.944]
SPRT game 365: WDL=8-350-7 llr=0.685 bounds=[-2.944,2.944]
SPRT game 366: WDL=8-351-7 llr=0.687 bounds=[-2.944,2.944]
SPRT game 367: WDL=8-352-7 llr=0.689 bounds=[-2.944,2.944]
SPRT game 368: WDL=8-353-7 llr=0.691 bounds=[-2.944,2.944]
SPRT game 369: WDL=8-354-7 llr=0.693 bounds=[-2.944,2.944]
SPRT game 370: WDL=8-355-7 llr=0.695 bounds=[-2.944,2.944]
SPRT game 371: WDL=8-356-7 llr=0.697 bounds=[-2.944,2.944]
SPRT game 372: WDL=8-357-7 llr=0.699 bounds=[-2.944,2.944]
SPRT game 373: WDL=8-358-7 llr=0.701 bounds=[-2.944,2.944]
SPRT game 374: WDL=8-359-7 llr=0.703 bounds=[-2.944,2.944]
SPRT game 375: WDL=8-360-7 llr=0.705 bounds=[-2.944,2.944]
SPRT game 376: WDL=9-360-7 llr=1.325 bounds=[-2.944,2.944]
SPRT game 377: WDL=9-361-7 llr=1.328 bounds=[-2.944,2.944]
SPRT game 378: WDL=9-362-7 llr=1.332 bounds=[-2.944,2.944]
SPRT game 379: WDL=9-363-7 llr=1.336 bounds=[-2.944,2.944]
SPRT game 380: WDL=9-364-7 llr=1.340 bounds=[-2.944,2.944]
SPRT game 381: WDL=9-365-7 llr=1.343 bounds=[-2.944,2.944]
SPRT game 382: WDL=9-366-7 llr=1.347 bounds=[-2.944,2.944]
SPRT game 383: WDL=9-367-7 llr=1.351 bounds=[-2.944,2.944]
SPRT game 384: WDL=9-368-7 llr=1.355 bounds=[-2.944,2.944]
SPRT game 385: WDL=9-369-7 llr=1.359 bounds=[-2.944,2.944]
SPRT game 386: WDL=9-370-7 llr=1.362 bounds=[-2.944,2.944]
SPRT game 387: WDL=9-371-7 llr=1.366 bounds=[-2.944,2.944]
SPRT game 388: WDL=9-372-7 llr=1.370 bounds=[-2.944,2.944]
SPRT game 389: WDL=9-373-7 llr=1.374 bounds=[-2.944,2.944]
SPRT game 390: WDL=9-374-7 llr=1.378 bounds=[-2.944,2.944]
SPRT game 391: WDL=9-375-7 llr=1.381 bounds=[-2.944,2.944]
SPRT game 392: WDL=9-376-7 llr=1.385 bounds=[-2.944,2.944]
SPRT game 393: WDL=9-377-7 llr=1.389 bounds=[-2.944,2.944]
SPRT game 394: WDL=9-378-7 llr=1.393 bounds=[-2.944,2.944]
SPRT game 395: WDL=9-379-7 llr=1.397 bounds=[-2.944,2.944]
SPRT game 396: WDL=9-380-7 llr=1.400 bounds=[-2.944,2.944]
SPRT game 397: WDL=9-381-7 llr=1.404 bounds=[-2.944,2.944]
SPRT game 398: WDL=9-382-7 llr=1.408 bounds=[-2.944,2.944]
SPRT game 399: WDL=9-383-7 llr=1.412 bounds=[-2.944,2.944]
SPRT game 400: WDL=9-384-7 llr=1.416 bounds=[-2.944,2.944]
{
  "decision": "inconclusive",
  "W": 9,
  "D": 384,
  "L": 7
}
