Resuming from game 365/600 WDL=29-298-37
SPRT game 365: WDL=29-299-37 llr=-1.262 bounds=[-2.944,2.944]
SPRT game 366: WDL=29-299-38 llr=-1.403 bounds=[-2.944,2.944]
SPRT game 367: WDL=29-300-38 llr=-1.407 bounds=[-2.944,2.944]
SPRT game 368: WDL=29-301-38 llr=-1.410 bounds=[-2.944,2.944]
SPRT game 369: WDL=29-302-38 llr=-1.414 bounds=[-2.944,2.944]
SPRT game 370: WDL=29-303-38 llr=-1.418 bounds=[-2.944,2.944]
SPRT game 371: WDL=29-304-38 llr=-1.422 bounds=[-2.944,2.944]
SPRT game 372: WDL=29-305-38 llr=-1.426 bounds=[-2.944,2.944]
SPRT game 373: WDL=29-306-38 llr=-1.430 bounds=[-2.944,2.944]
SPRT game 374: WDL=29-307-38 llr=-1.433 bounds=[-2.944,2.944]
SPRT game 375: WDL=29-308-38 llr=-1.437 bounds=[-2.944,2.944]
SPRT game 376: WDL=29-308-39 llr=-1.578 bounds=[-2.944,2.944]
SPRT game 377: WDL=29-309-39 llr=-1.582 bounds=[-2.944,2.944]
SPRT game 378: WDL=29-310-39 llr=-1.586 bounds=[-2.944,2.944]
SPRT game 379: WDL=29-311-39 llr=-1.590 bounds=[-2.944,2.944]
SPRT game 380: WDL=29-312-39 llr=-1.595 bounds=[-2.944,2.944]
SPRT game 381: WDL=29-313-39 llr=-1.599 bounds=[-2.944,2.944]
SPRT game 382: WDL=30-313-39 llr=-1.422 bounds=[-2.944,2.944]
SPRT game 383: WDL=30-314-39 llr=-1.426 bounds=[-2.944,2.944]
SPRT game 384: WDL=30-315-39 llr=-1.429 bounds=[-2.944,2.944]
SPRT game 385: WDL=30-316-39 llr=-1.433 bounds=[-2.944,2.944]
SPRT game 386: WDL=30-317-39 llr=-1.437 bounds=[-2.944,2.944]
SPRT game 387: WDL=30-318-39 llr=-1.441 bounds=[-2.944,2.944]
SPRT game 388: WDL=30-319-39 llr=-1.444 bounds=[-2.944,2.944]
SPRT game 389: WDL=30-319-40 llr=-1.586 bounds=[-2.944,2.944]
SPRT game 390: WDL=30-319-41 llr=-1.725 bounds=[-2.944,2.944]
SPRT game 391: WDL=30-319-42 llr=-1.861 bounds=[-2.944,2.944]
SPRT game 392: WDL=30-320-42 llr=-1.865 bounds=[-2.944,2.944]
SPRT game 393: WDL=30-321-42 llr=-1.870 bounds=[-2.944,2.944]
SPRT game 394: WDL=30-322-42 llr=-1.875 bounds=[-2.944,2.944]
SPRT game 395: WDL=30-323-42 llr=-1.880 bounds=[-2.944,2.944]
SPRT game 396: WDL=30-324-42 llr=-1.884 bounds=[-2.944,2.944]
SPRT game 397: WDL=30-325-42 llr=-1.889 bounds=[-2.944,2.944]
SPRT game 398: WDL=30-325-43 llr=-2.024 bounds=[-2.944,2.944]
SPRT game 399: WDL=30-326-43 llr=-2.029 bounds=[-2.944,2.944]
SPRT game 400: WDL=30-327-43 llr=-2.034 bounds=[-2.944,2.944]
SPRT game 401: WDL=30-328-43 llr=-2.039 bounds=[-2.944,2.944]
SPRT game 402: WDL=30-328-44 llr=-2.172 bounds=[-2.944,2.944]
SPRT game 403: WDL=30-329-44 llr=-2.177 bounds=[-2.944,2.944]
SPRT game 404: WDL=30-330-44 llr=-2.183 bounds=[-2.944,2.944]
SPRT game 405: WDL=30-331-44 llr=-2.188 bounds=[-2.944,2.944]
SPRT game 406: WDL=30-331-45 llr=-2.319 bounds=[-2.944,2.944]
SPRT game 407: WDL=30-332-45 llr=-2.325 bounds=[-2.944,2.944]
SPRT game 408: WDL=30-333-45 llr=-2.331 bounds=[-2.944,2.944]
SPRT game 409: WDL=30-334-45 llr=-2.336 bounds=[-2.944,2.944]
SPRT game 410: WDL=31-334-45 llr=-2.158 bounds=[-2.944,2.944]
SPRT game 411: WDL=31-335-45 llr=-2.163 bounds=[-2.944,2.944]
SPRT game 412: WDL=31-336-45 llr=-2.168 bounds=[-2.944,2.944]
SPRT game 413: WDL=31-337-45 llr=-2.173 bounds=[-2.944,2.944]
SPRT game 414: WDL=31-338-45 llr=-2.179 bounds=[-2.944,2.944]
SPRT game 415: WDL=31-339-45 llr=-2.184 bounds=[-2.944,2.944]
SPRT game 416: WDL=31-340-45 llr=-2.189 bounds=[-2.944,2.944]
SPRT game 417: WDL=31-340-46 llr=-2.321 bounds=[-2.944,2.944]
SPRT game 418: WDL=32-340-46 llr=-2.144 bounds=[-2.944,2.944]
SPRT game 419: WDL=32-341-46 llr=-2.149 bounds=[-2.944,2.944]
SPRT game 420: WDL=32-342-46 llr=-2.154 bounds=[-2.944,2.944]
SPRT game 421: WDL=32-343-46 llr=-2.159 bounds=[-2.944,2.944]
SPRT game 422: WDL=32-344-46 llr=-2.164 bounds=[-2.944,2.944]
SPRT game 423: WDL=32-345-46 llr=-2.169 bounds=[-2.944,2.944]
SPRT game 424: WDL=32-346-46 llr=-2.175 bounds=[-2.944,2.944]
SPRT game 425: WDL=32-347-46 llr=-2.180 bounds=[-2.944,2.944]
SPRT game 426: WDL=32-348-46 llr=-2.185 bounds=[-2.944,2.944]
SPRT game 427: WDL=32-349-46 llr=-2.190 bounds=[-2.944,2.944]
SPRT game 428: WDL=32-350-46 llr=-2.195 bounds=[-2.944,2.944]
SPRT game 429: WDL=32-351-46 llr=-2.200 bounds=[-2.944,2.944]
SPRT game 430: WDL=32-352-46 llr=-2.205 bounds=[-2.944,2.944]
SPRT game 431: WDL=32-353-46 llr=-2.210 bounds=[-2.944,2.944]
SPRT game 432: WDL=32-354-46 llr=-2.216 bounds=[-2.944,2.944]
SPRT game 433: WDL=32-355-46 llr=-2.221 bounds=[-2.944,2.944]
SPRT game 434: WDL=32-355-47 llr=-2.355 bounds=[-2.944,2.944]
SPRT game 435: WDL=32-356-47 llr=-2.360 bounds=[-2.944,2.944]
SPRT game 436: WDL=32-357-47 llr=-2.366 bounds=[-2.944,2.944]
SPRT game 437: WDL=32-357-48 llr=-2.498 bounds=[-2.944,2.944]
SPRT game 438: WDL=32-358-48 llr=-2.504 bounds=[-2.944,2.944]
SPRT game 439: WDL=32-359-48 llr=-2.509 bounds=[-2.944,2.944]
SPRT game 440: WDL=32-360-48 llr=-2.515 bounds=[-2.944,2.944]
SPRT game 441: WDL=32-361-48 llr=-2.521 bounds=[-2.944,2.944]
SPRT game 442: WDL=32-362-48 llr=-2.527 bounds=[-2.944,2.944]
SPRT game 443: WDL=33-362-48 llr=-2.345 bounds=[-2.944,2.944]
SPRT game 444: WDL=33-363-48 llr=-2.350 bounds=[-2.944,2.944]
SPRT game 445: WDL=33-364-48 llr=-2.356 bounds=[-2.944,2.944]
SPRT game 446: WDL=33-364-49 llr=-2.488 bounds=[-2.944,2.944]
SPRT game 447: WDL=34-364-49 llr=-2.310 bounds=[-2.944,2.944]
SPRT game 448: WDL=34-365-49 llr=-2.315 bounds=[-2.944,2.944]
SPRT game 449: WDL=34-366-49 llr=-2.320 bounds=[-2.944,2.944]
SPRT game 450: WDL=34-367-49 llr=-2.325 bounds=[-2.944,2.944]
SPRT game 451: WDL=34-368-49 llr=-2.330 bounds=[-2.944,2.944]
SPRT game 452: WDL=34-369-49 llr=-2.335 bounds=[-2.944,2.944]
SPRT game 453: WDL=34-370-49 llr=-2.341 bounds=[-2.944,2.944]
SPRT game 454: WDL=34-371-49 llr=-2.346 bounds=[-2.944,2.944]
SPRT game 455: WDL=34-372-49 llr=-2.351 bounds=[-2.944,2.944]
SPRT game 456: WDL=34-373-49 llr=-2.356 bounds=[-2.944,2.944]
SPRT game 457: WDL=34-374-49 llr=-2.361 bounds=[-2.944,2.944]
SPRT game 458: WDL=34-375-49 llr=-2.366 bounds=[-2.944,2.944]
SPRT game 459: WDL=34-376-49 llr=-2.372 bounds=[-2.944,2.944]
SPRT game 460: WDL=34-377-49 llr=-2.377 bounds=[-2.944,2.944]
SPRT game 461: WDL=34-378-49 llr=-2.382 bounds=[-2.944,2.944]
SPRT game 462: WDL=35-378-49 llr=-2.202 bounds=[-2.944,2.944]
SPRT game 463: WDL=35-379-49 llr=-2.206 bounds=[-2.944,2.944]
SPRT game 464: WDL=35-380-49 llr=-2.211 bounds=[-2.944,2.944]
SPRT game 465: WDL=36-380-49 llr=-2.034 bounds=[-2.944,2.944]
SPRT game 466: WDL=36-380-50 llr=-2.169 bounds=[-2.944,2.944]
SPRT game 467: WDL=36-381-50 llr=-2.174 bounds=[-2.944,2.944]
SPRT game 468: WDL=36-382-50 llr=-2.179 bounds=[-2.944,2.944]
SPRT game 469: WDL=36-383-50 llr=-2.183 bounds=[-2.944,2.944]
SPRT game 470: WDL=36-384-50 llr=-2.188 bounds=[-2.944,2.944]
SPRT game 471: WDL=36-385-50 llr=-2.193 bounds=[-2.944,2.944]
SPRT game 472: WDL=36-386-50 llr=-2.197 bounds=[-2.944,2.944]
SPRT game 473: WDL=36-387-50 llr=-2.202 bounds=[-2.944,2.944]
SPRT game 474: WDL=36-388-50 llr=-2.207 bounds=[-2.944,2.944]
SPRT game 475: WDL=36-389-50 llr=-2.211 bounds=[-2.944,2.944]
SPRT game 476: WDL=36-390-50 llr=-2.216 bounds=[-2.944,2.944]
SPRT game 477: WDL=36-391-50 llr=-2.221 bounds=[-2.944,2.944]
SPRT game 478: WDL=36-392-50 llr=-2.225 bounds=[-2.944,2.944]
SPRT game 479: WDL=36-393-50 llr=-2.230 bounds=[-2.944,2.944]
SPRT game 480: WDL=36-394-50 llr=-2.235 bounds=[-2.944,2.944]
SPRT game 481: WDL=36-395-50 llr=-2.239 bounds=[-2.944,2.944]
SPRT game 482: WDL=36-396-50 llr=-2.244 bounds=[-2.944,2.944]
SPRT game 483: WDL=36-397-50 llr=-2.249 bounds=[-2.944,2.944]
SPRT game 484: WDL=36-398-50 llr=-2.253 bounds=[-2.944,2.944]
SPRT game 485: WDL=36-399-50 llr=-2.258 bounds=[-2.944,2.944]
SPRT game 486: WDL=36-400-50 llr=-2.263 bounds=[-2.944,2.944]
SPRT game 487: WDL=36-401-50 llr=-2.267 bounds=[-2.944,2.944]
SPRT game 488: WDL=36-402-50 llr=-2.272 bounds=[-2.944,2.944]
SPRT game 489: WDL=36-403-50 llr=-2.277 bounds=[-2.944,2.944]
SPRT game 490: WDL=37-403-50 llr=-2.094 bounds=[-2.944,2.944]
SPRT game 491: WDL=37-404-50 llr=-2.098 bounds=[-2.944,2.944]
SPRT game 492: WDL=37-405-50 llr=-2.103 bounds=[-2.944,2.944]
SPRT game 493: WDL=37-406-50 llr=-2.107 bounds=[-2.944,2.944]
SPRT game 494: WDL=37-407-50 llr=-2.111 bounds=[-2.944,2.944]
SPRT game 495: WDL=37-408-50 llr=-2.116 bounds=[-2.944,2.944]
SPRT game 496: WDL=37-409-50 llr=-2.120 bounds=[-2.944,2.944]
SPRT game 497: WDL=38-409-50 llr=-1.939 bounds=[-2.944,2.944]
SPRT game 498: WDL=38-410-50 llr=-1.943 bounds=[-2.944,2.944]
SPRT game 499: WDL=38-411-50 llr=-1.946 bounds=[-2.944,2.944]
SPRT game 500: WDL=38-412-50 llr=-1.950 bounds=[-2.944,2.944]
SPRT game 501: WDL=38-413-50 llr=-1.954 bounds=[-2.944,2.944]
SPRT game 502: WDL=38-414-50 llr=-1.958 bounds=[-2.944,2.944]
SPRT game 503: WDL=38-415-50 llr=-1.962 bounds=[-2.944,2.944]
SPRT game 504: WDL=38-416-50 llr=-1.966 bounds=[-2.944,2.944]
SPRT game 505: WDL=38-417-50 llr=-1.970 bounds=[-2.944,2.944]
SPRT game 506: WDL=39-417-50 llr=-1.789 bounds=[-2.944,2.944]
SPRT game 507: WDL=39-418-50 llr=-1.793 bounds=[-2.944,2.944]
SPRT game 508: WDL=39-419-50 llr=-1.796 bounds=[-2.944,2.944]
SPRT game 509: WDL=39-420-50 llr=-1.800 bounds=[-2.944,2.944]
SPRT game 510: WDL=39-421-50 llr=-1.803 bounds=[-2.944,2.944]
SPRT game 511: WDL=40-421-50 llr=-1.624 bounds=[-2.944,2.944]
SPRT game 512: WDL=41-421-50 llr=-1.449 bounds=[-2.944,2.944]
SPRT game 513: WDL=42-421-50 llr=-1.276 bounds=[-2.944,2.944]
SPRT game 514: WDL=42-422-50 llr=-1.279 bounds=[-2.944,2.944]
SPRT game 515: WDL=42-423-50 llr=-1.281 bounds=[-2.944,2.944]
SPRT game 516: WDL=42-424-50 llr=-1.284 bounds=[-2.944,2.944]
SPRT game 517: WDL=42-424-51 llr=-1.432 bounds=[-2.944,2.944]
SPRT game 518: WDL=42-425-51 llr=-1.435 bounds=[-2.944,2.944]
SPRT game 519: WDL=42-426-51 llr=-1.437 bounds=[-2.944,2.944]
SPRT game 520: WDL=42-427-51 llr=-1.440 bounds=[-2.944,2.944]
SPRT game 521: WDL=42-428-51 llr=-1.443 bounds=[-2.944,2.944]
SPRT game 522: WDL=42-429-51 llr=-1.446 bounds=[-2.944,2.944]
SPRT game 523: WDL=43-429-51 llr=-1.274 bounds=[-2.944,2.944]
SPRT game 524: WDL=43-429-52 llr=-1.421 bounds=[-2.944,2.944]
SPRT game 525: WDL=43-430-52 llr=-1.424 bounds=[-2.944,2.944]
SPRT game 526: WDL=43-431-52 llr=-1.426 bounds=[-2.944,2.944]
SPRT game 527: WDL=43-432-52 llr=-1.429 bounds=[-2.944,2.944]
SPRT game 528: WDL=43-432-53 llr=-1.574 bounds=[-2.944,2.944]
SPRT game 529: WDL=43-433-53 llr=-1.577 bounds=[-2.944,2.944]
SPRT game 530: WDL=43-434-53 llr=-1.580 bounds=[-2.944,2.944]
SPRT game 531: WDL=43-435-53 llr=-1.583 bounds=[-2.944,2.944]
SPRT game 532: WDL=43-436-53 llr=-1.586 bounds=[-2.944,2.944]
SPRT game 533: WDL=43-437-53 llr=-1.589 bounds=[-2.944,2.944]
SPRT game 534: WDL=43-438-53 llr=-1.592 bounds=[-2.944,2.944]
SPRT game 535: WDL=43-439-53 llr=-1.595 bounds=[-2.944,2.944]
SPRT game 536: WDL=44-439-53 llr=-1.424 bounds=[-2.944,2.944]
SPRT game 537: WDL=44-440-53 llr=-1.426 bounds=[-2.944,2.944]
SPRT game 538: WDL=44-441-53 llr=-1.429 bounds=[-2.944,2.944]
SPRT game 539: WDL=44-442-53 llr=-1.432 bounds=[-2.944,2.944]
SPRT game 540: WDL=44-443-53 llr=-1.434 bounds=[-2.944,2.944]
SPRT game 541: WDL=44-444-53 llr=-1.437 bounds=[-2.944,2.944]
SPRT game 542: WDL=44-445-53 llr=-1.440 bounds=[-2.944,2.944]
SPRT game 543: WDL=44-446-53 llr=-1.442 bounds=[-2.944,2.944]
SPRT game 544: WDL=44-447-53 llr=-1.445 bounds=[-2.944,2.944]
SPRT game 545: WDL=44-448-53 llr=-1.448 bounds=[-2.944,2.944]
SPRT game 546: WDL=44-449-53 llr=-1.450 bounds=[-2.944,2.944]
SPRT game 547: WDL=44-450-53 llr=-1.453 bounds=[-2.944,2.944]
SPRT game 548: WDL=44-451-53 llr=-1.456 bounds=[-2.944,2.944]
SPRT game 549: WDL=44-452-53 llr=-1.458 bounds=[-2.944,2.944]
SPRT game 550: WDL=44-453-53 llr=-1.461 bounds=[-2.944,2.944]
SPRT game 551: WDL=44-454-53 llr=-1.464 bounds=[-2.944,2.944]
SPRT game 552: WDL=45-454-53 llr=-1.290 bounds=[-2.944,2.944]
SPRT game 553: WDL=45-455-53 llr=-1.292 bounds=[-2.944,2.944]
SPRT game 554: WDL=45-456-53 llr=-1.295 bounds=[-2.944,2.944]
SPRT game 555: WDL=45-457-53 llr=-1.297 bounds=[-2.944,2.944]
SPRT game 556: WDL=45-458-53 llr=-1.299 bounds=[-2.944,2.944]
SPRT game 557: WDL=45-459-53 llr=-1.302 bounds=[-2.944,2.944]
SPRT game 558: WDL=45-460-53 llr=-1.304 bounds=[-2.944,2.944]
SPRT game 559: WDL=45-461-53 llr=-1.306 bounds=[-2.944,2.944]
SPRT game 560: WDL=45-462-53 llr=-1.309 bounds=[-2.944,2.944]
SPRT game 561: WDL=45-463-53 llr=-1.311 bounds=[-2.944,2.944]
SPRT game 562: WDL=45-464-53 llr=-1.313 bounds=[-2.944,2.944]
SPRT game 563: WDL=45-465-53 llr=-1.316 bounds=[-2.944,2.944]
SPRT game 564: WDL=45-466-53 llr=-1.318 bounds=[-2.944,2.944]
SPRT game 565: WDL=45-467-53 llr=-1.320 bounds=[-2.944,2.944]
SPRT game 566: WDL=45-468-53 llr=-1.323 bounds=[-2.944,2.944]
SPRT game 567: WDL=46-468-53 llr=-1.148 bounds=[-2.944,2.944]
SPRT game 568: WDL=46-469-53 llr=-1.150 bounds=[-2.944,2.944]
SPRT game 569: WDL=46-470-53 llr=-1.152 bounds=[-2.944,2.944]
SPRT game 570: WDL=46-471-53 llr=-1.154 bounds=[-2.944,2.944]
SPRT game 571: WDL=46-472-53 llr=-1.156 bounds=[-2.944,2.944]
SPRT game 572: WDL=47-472-53 llr=-0.983 bounds=[-2.944,2.944]
SPRT game 573: WDL=47-473-53 llr=-0.984 bounds=[-2.944,2.944]
SPRT game 574: WDL=47-474-53 llr=-0.986 bounds=[-2.944,2.944]
SPRT game 575: WDL=47-475-53 llr=-0.988 bounds=[-2.944,2.944]
SPRT game 576: WDL=47-476-53 llr=-0.990 bounds=[-2.944,2.944]
SPRT game 577: WDL=48-476-53 llr=-0.818 bounds=[-2.944,2.944]
SPRT game 578: WDL=48-477-53 llr=-0.819 bounds=[-2.944,2.944]
SPRT game 579: WDL=48-478-53 llr=-0.821 bounds=[-2.944,2.944]
SPRT game 580: WDL=48-479-53 llr=-0.822 bounds=[-2.944,2.944]
SPRT game 581: WDL=48-480-53 llr=-0.824 bounds=[-2.944,2.944]
SPRT game 582: WDL=48-481-53 llr=-0.825 bounds=[-2.944,2.944]
SPRT game 583: WDL=49-481-53 llr=-0.655 bounds=[-2.944,2.944]
SPRT game 584: WDL=49-482-53 llr=-0.656 bounds=[-2.944,2.944]
SPRT game 585: WDL=49-483-53 llr=-0.657 bounds=[-2.944,2.944]
SPRT game 586: WDL=49-484-53 llr=-0.658 bounds=[-2.944,2.944]
SPRT game 587: WDL=49-485-53 llr=-0.659 bounds=[-2.944,2.944]
SPRT game 588: WDL=49-486-53 llr=-0.660 bounds=[-2.944,2.944]
SPRT game 589: WDL=50-486-53 llr=-0.491 bounds=[-2.944,2.944]
SPRT game 590: WDL=51-486-53 llr=-0.325 bounds=[-2.944,2.944]
SPRT game 591: WDL=51-487-53 llr=-0.326 bounds=[-2.944,2.944]
SPRT game 592: WDL=51-488-53 llr=-0.326 bounds=[-2.944,2.944]
SPRT game 593: WDL=51-489-53 llr=-0.327 bounds=[-2.944,2.944]
SPRT game 594: WDL=51-490-53 llr=-0.327 bounds=[-2.944,2.944]
SPRT game 595: WDL=51-491-53 llr=-0.328 bounds=[-2.944,2.944]
SPRT game 596: WDL=51-492-53 llr=-0.328 bounds=[-2.944,2.944]
SPRT game 597: WDL=51-493-53 llr=-0.329 bounds=[-2.944,2.944]
SPRT game 598: WDL=51-494-53 llr=-0.329 bounds=[-2.944,2.944]
SPRT game 599: WDL=51-495-53 llr=-0.330 bounds=[-2.944,2.944]
SPRT game 600: WDL=51-496-53 llr=-0.330 bounds=[-2.944,2.944]
{
  "decision": "inconclusive",
  "W": 51,
  "D": 496,
  "L": 53
}
